// Jest Snapshot v1, https://goo.gl/fbAQLP

exports[`expect to render 1 ProductCartd component 1`] = `
<Provider
  store={
    Object {
      "clearActions": [Function],
      "dispatch": [Function],
      "getActions": [Function],
      "getState": [Function],
      "replaceReducer": [Function],
      "subscribe": [Function],
    }
  }
>
  <Connect(ProductOverviewContainer)>
    <ProductOverviewContainer
      selected={true}
      selectedProductId={1}
    >
      <div
        className="product-overview__container product-selected"
      >
        <Suspense
          fallback={<Loading />}
        >
          <Loading>
            <div />
          </Loading>
        </Suspense>
      </div>
    </ProductOverviewContainer>
  </Connect(ProductOverviewContainer)>
</Provider>
`;
