// Jest Snapshot v1, https://goo.gl/fbAQLP

exports[`expect to render Loading component 1`] = `<div />`;
